[2026-06-01 06:16:50] ERROR: 404 Not Found Type: Slim\Exception\HttpNotFoundException Code: 404 Message: Not found. File: /var/www/html/espocrm/vendor/slim/slim/Slim/Middleware/RoutingMiddleware.php Line: 76 Trace: #0 /var/www/html/espocrm/vendor/slim/slim/Slim/Middleware/RoutingMiddleware.php(44): Slim\Middleware\RoutingMiddleware->performRouting() #1 /var/www/html/espocrm/vendor/slim/slim/Slim/MiddlewareDispatcher.php(121): Slim\Middleware\RoutingMiddleware->process() #2 /var/www/html/espocrm/vendor/slim/slim/Slim/Middleware/ErrorMiddleware.php(76): Psr\Http\Server\RequestHandlerInterface@anonymous->handle() #3 /var/www/html/espocrm/vendor/slim/slim/Slim/MiddlewareDispatcher.php(121): Slim\Middleware\ErrorMiddleware->process() #4 /var/www/html/espocrm/vendor/slim/slim/Slim/MiddlewareDispatcher.php(65): Psr\Http\Server\RequestHandlerInterface@anonymous->handle() #5 /var/www/html/espocrm/vendor/slim/slim/Slim/App.php(199): Slim\MiddlewareDispatcher->handle() #6 /var/www/html/espocrm/vendor/slim/slim/Slim/App.php(183): Slim\App->handle() #7 /var/www/html/espocrm/application/Espo/Core/Api/Starter.php(76): Slim\App->run() #8 /var/www/html/espocrm/application/Espo/Core/ApplicationRunners/Api.php(45): Espo\Core\Api\Starter->start() #9 /var/www/html/espocrm/application/Espo/Core/Application/RunnerRunner.php(84): Espo\Core\ApplicationRunners\Api->run() #10 /var/www/html/espocrm/application/Espo/Core/Application.php(78): Espo\Core\Application\RunnerRunner->run() #11 /var/www/html/espocrm/public/api/v1/index.php(35): Espo\Core\Application->run() #12 {main} Tips: To display error details in HTTP response set "displayErrorDetails" to true in the ErrorHandler constructor.
[2026-06-01 06:16:50] WARNING: E_WARNING: mkdir(): File exists
[2026-06-01 06:16:50] ERROR: 404 Not Found Type: Slim\Exception\HttpNotFoundException Code: 404 Message: Not found. File: /var/www/html/espocrm/vendor/slim/slim/Slim/Middleware/RoutingMiddleware.php Line: 76 Trace: #0 /var/www/html/espocrm/vendor/slim/slim/Slim/Middleware/RoutingMiddleware.php(44): Slim\Middleware\RoutingMiddleware->performRouting() #1 /var/www/html/espocrm/vendor/slim/slim/Slim/MiddlewareDispatcher.php(121): Slim\Middleware\RoutingMiddleware->process() #2 /var/www/html/espocrm/vendor/slim/slim/Slim/Middleware/ErrorMiddleware.php(76): Psr\Http\Server\RequestHandlerInterface@anonymous->handle() #3 /var/www/html/espocrm/vendor/slim/slim/Slim/MiddlewareDispatcher.php(121): Slim\Middleware\ErrorMiddleware->process() #4 /var/www/html/espocrm/vendor/slim/slim/Slim/MiddlewareDispatcher.php(65): Psr\Http\Server\RequestHandlerInterface@anonymous->handle() #5 /var/www/html/espocrm/vendor/slim/slim/Slim/App.php(199): Slim\MiddlewareDispatcher->handle() #6 /var/www/html/espocrm/vendor/slim/slim/Slim/App.php(183): Slim\App->handle() #7 /var/www/html/espocrm/application/Espo/Core/Api/Starter.php(76): Slim\App->run() #8 /var/www/html/espocrm/application/Espo/Core/ApplicationRunners/Api.php(45): Espo\Core\Api\Starter->start() #9 /var/www/html/espocrm/application/Espo/Core/Application/RunnerRunner.php(84): Espo\Core\ApplicationRunners\Api->run() #10 /var/www/html/espocrm/application/Espo/Core/Application.php(78): Espo\Core\Application\RunnerRunner->run() #11 /var/www/html/espocrm/public/api/v1/index.php(35): Espo\Core\Application->run() #12 {main} Tips: To display error details in HTTP response set "displayErrorDetails" to true in the ErrorHandler constructor.
[2026-06-01 06:18:53] CRITICAL: (1698) SQLSTATE[HY000] [1698] Access denied for user 'root'@'localhost' :: GET /Settings :: /var/www/html/espocrm/application/Espo/ORM/PDO/MysqlPDOFactory.php(73)
[2026-06-01 06:18:53] CRITICAL: (1698) SQLSTATE[HY000] [1698] Access denied for user 'root'@'localhost' :: GET /I18n :: /var/www/html/espocrm/application/Espo/ORM/PDO/MysqlPDOFactory.php(73)
[2026-06-01 06:22:30] CRITICAL: (1698) SQLSTATE[HY000] [1698] Access denied for user 'root'@'localhost' :: GET /I18n :: /var/www/html/espocrm/application/Espo/ORM/PDO/MysqlPDOFactory.php(73)
[2026-06-01 06:22:30] CRITICAL: (1698) SQLSTATE[HY000] [1698] Access denied for user 'root'@'localhost' :: GET /Settings :: /var/www/html/espocrm/application/Espo/ORM/PDO/MysqlPDOFactory.php(73)
[2026-06-01 06:26:38] CRITICAL: (1698) SQLSTATE[HY000] [1698] Access denied for user 'root'@'localhost' :: GET /I18n :: /var/www/html/espocrm/application/Espo/ORM/PDO/MysqlPDOFactory.php(73)
[2026-06-01 06:26:38] CRITICAL: (1698) SQLSTATE[HY000] [1698] Access denied for user 'root'@'localhost' :: GET /Settings :: /var/www/html/espocrm/application/Espo/ORM/PDO/MysqlPDOFactory.php(73)
[2026-06-01 06:28:25] CRITICAL: (1698) SQLSTATE[HY000] [1698] Access denied for user 'root'@'localhost' :: GET /Settings :: /var/www/html/espocrm/application/Espo/ORM/PDO/MysqlPDOFactory.php(73)
[2026-06-01 06:28:25] CRITICAL: (1698) SQLSTATE[HY000] [1698] Access denied for user 'root'@'localhost' :: GET /I18n :: /var/www/html/espocrm/application/Espo/ORM/PDO/MysqlPDOFactory.php(73)
[2026-06-01 06:32:04] CRITICAL: (1698) SQLSTATE[HY000] [1698] Access denied for user 'root'@'localhost' :: GET /Settings :: /var/www/html/espocrm/application/Espo/ORM/PDO/MysqlPDOFactory.php(73)
[2026-06-01 06:32:04] CRITICAL: (1698) SQLSTATE[HY000] [1698] Access denied for user 'root'@'localhost' :: GET /I18n :: /var/www/html/espocrm/application/Espo/ORM/PDO/MysqlPDOFactory.php(73)
[2026-06-01 06:39:51] CRITICAL: (1698) SQLSTATE[HY000] [1698] Access denied for user 'root'@'localhost' :: GET /Settings :: /var/www/html/espocrm/application/Espo/ORM/PDO/MysqlPDOFactory.php(73)
[2026-06-01 06:39:51] CRITICAL: (1698) SQLSTATE[HY000] [1698] Access denied for user 'root'@'localhost' :: GET /I18n :: /var/www/html/espocrm/application/Espo/ORM/PDO/MysqlPDOFactory.php(73)
[2026-06-01 06:46:24] CRITICAL: (2002) SQLSTATE[HY000] [2002] No such file or directory :: GET /I18n :: /var/www/html/espocrm/application/Espo/ORM/PDO/MysqlPDOFactory.php(73)
[2026-06-01 06:46:24] CRITICAL: (2002) SQLSTATE[HY000] [2002] No such file or directory :: GET /Settings :: /var/www/html/espocrm/application/Espo/ORM/PDO/MysqlPDOFactory.php(73)
[2026-06-01 06:49:22] CRITICAL: (2002) SQLSTATE[HY000] [2002] No such file or directory :: GET /Settings :: /var/www/html/espocrm/application/Espo/ORM/PDO/MysqlPDOFactory.php(73)
[2026-06-01 06:49:22] CRITICAL: (2002) SQLSTATE[HY000] [2002] No such file or directory :: GET /I18n :: /var/www/html/espocrm/application/Espo/ORM/PDO/MysqlPDOFactory.php(73)
[2026-06-01 06:49:35] CRITICAL: (2002) SQLSTATE[HY000] [2002] No such file or directory :: GET /Settings :: /var/www/html/espocrm/application/Espo/ORM/PDO/MysqlPDOFactory.php(73)
[2026-06-01 06:49:35] CRITICAL: (2002) SQLSTATE[HY000] [2002] No such file or directory :: GET /I18n :: /var/www/html/espocrm/application/Espo/ORM/PDO/MysqlPDOFactory.php(73)
[2026-06-01 06:51:47] CRITICAL: (2002) SQLSTATE[HY000] [2002] No such file or directory :: GET /Settings :: /var/www/html/espocrm/application/Espo/ORM/PDO/MysqlPDOFactory.php(73)
[2026-06-01 06:51:47] CRITICAL: (2002) SQLSTATE[HY000] [2002] No such file or directory :: GET /I18n :: /var/www/html/espocrm/application/Espo/ORM/PDO/MysqlPDOFactory.php(73)
[2026-06-01 07:29:05] CRITICAL: (1698) SQLSTATE[HY000] [1698] Access denied for user 'root'@'localhost' :: GET /I18n :: /var/www/html/espocrm/application/Espo/ORM/PDO/MysqlPDOFactory.php(73)
[2026-06-01 07:29:05] CRITICAL: (1698) SQLSTATE[HY000] [1698] Access denied for user 'root'@'localhost' :: GET /Settings :: /var/www/html/espocrm/application/Espo/ORM/PDO/MysqlPDOFactory.php(73)
[2026-06-01 07:51:51] CRITICAL: (1698) SQLSTATE[HY000] [1698] Access denied for user 'root'@'localhost' :: GET /I18n :: /var/www/html/espocrm/application/Espo/ORM/PDO/MysqlPDOFactory.php(73)
[2026-06-01 07:51:51] CRITICAL: (1698) SQLSTATE[HY000] [1698] Access denied for user 'root'@'localhost' :: GET /Settings :: /var/www/html/espocrm/application/Espo/ORM/PDO/MysqlPDOFactory.php(73)
[2026-06-01 07:57:14] CRITICAL: (42S02) SQLSTATE[42S02]: Base table or view not found: 1146 Table 'espocrm.user' doesn't exist :: GET /Settings :: /var/www/html/espocrm/application/Espo/ORM/Executor/DefaultSqlExecutor.php(77)
[2026-06-01 07:57:14] CRITICAL: (42S02) SQLSTATE[42S02]: Base table or view not found: 1146 Table 'espocrm.user' doesn't exist :: GET /I18n :: /var/www/html/espocrm/application/Espo/ORM/Executor/DefaultSqlExecutor.php(77)
